// Jest Snapshot v1, https://goo.gl/fbAQLP

exports[`Given a CreatePreditionScreen component When it's rendered Then it should match the snapshot 1`] = `
<RCTScrollView
  style={
    Object {
      "backgroundColor": "#fff",
      "height": "100%",
    }
  }
>
  <View>
    <RCTSafeAreaView
      style={
        Object {
          "alignItems": "center",
          "alignSelf": "center",
          "justifyContent": "center",
        }
      }
    >
      <Text
        style={
          Object {
            "alignSelf": "center",
            "color": "#3F3F3F",
            "fontSize": 30,
            "marginBottom": 10,
            "marginTop": 50,
          }
        }
      >
        Create a new prediction
      </Text>
      <View
        style={
          Object {
            "backgroundColor": "#EEEEE4",
            "borderRadius": 15,
            "display": "flex",
            "elevation": 6,
            "height": 640,
            "justifyContent": "space-between",
            "margin": 5,
            "marginBottom": 50,
            "paddingBottom": 10,
            "shadowColor": "#000",
            "shadowOffset": Object {
              "height": 3,
              "width": 0,
            },
            "shadowOpacity": 0.27,
            "shadowRadius": 4.65,
            "width": 321,
          }
        }
      >
        <View
          style={
            Object {
              "alignItems": "center",
              "display": "flex",
            }
          }
        >
          <View
            style={
              Array [
                Object {
                  "width": "100%",
                },
                Object {
                  "zIndex": 5000,
                },
                Object {},
              ]
            }
          >
            <View
              accessibilityState={
                Object {
                  "disabled": false,
                }
              }
              accessible={true}
              collapsable={false}
              focusable={true}
              forwardedRef={[Function]}
              onClick={[Function]}
              onLayout={[Function]}
              onResponderGrant={[Function]}
              onResponderMove={[Function]}
              onResponderRelease={[Function]}
              onResponderTerminate={[Function]}
              onResponderTerminationRequest={[Function]}
              onStartShouldSetResponder={[Function]}
              style={
                Object {
                  "alignItems": "center",
                  "backgroundColor": "#fff",
                  "borderColor": "#000",
                  "borderRadius": 8,
                  "borderWidth": 1,
                  "flexDirection": "row",
                  "justifyContent": "space-between",
                  "minHeight": 50,
                  "opacity": 1,
                  "paddingHorizontal": 10,
                  "paddingVertical": 3,
                  "width": "100%",
                  "zIndex": 5000,
                }
              }
              testID="dropdown"
            >
              <Text
                style={
                  Array [
                    Object {
                      "color": "#000",
                      "flex": 1,
                    },
                    Object {},
                    false,
                    Object {},
                  ]
                }
              >
                Select a match
              </Text>
              <View
                style={
                  Array [
                    Object {
                      "marginLeft": 10,
                    },
                    Object {},
                  ]
                }
              >
                <Image
                  source={1}
                  style={
                    Array [
                      Object {
                        "height": 20,
                        "width": 20,
                      },
                      Object {},
                    ]
                  }
                />
              </View>
            </View>
          </View>
          <View
            style={
              Object {
                "alignItems": "center",
                "display": "flex",
                "flexDirection": "row",
                "justifyContent": "space-between",
                "marginTop": 5,
                "width": 300,
              }
            }
          >
            <View
              style={
                Object {
                  "alignItems": "center",
                  "display": "flex",
                  "marginBottom": 5,
                }
              }
            >
              <Text
                style={
                  Object {
                    "color": "#3F3F3F",
                    "fontSize": 20,
                  }
                }
              >
                Goals Team 1
              </Text>
              <View
                style={
                  Array [
                    Object {
                      "alignItems": "center",
                      "borderWidth": 1,
                      "flexDirection": "row",
                      "justifyContent": "center",
                    },
                    Object {
                      "borderColor": "#d4d4d4",
                      "height": 40,
                      "width": 120,
                    },
                    Object {},
                    Object {},
                  ]
                }
              >
                <View
                  accessible={true}
                  collapsable={false}
                  focusable={true}
                  onClick={[Function]}
                  onResponderGrant={[Function]}
                  onResponderMove={[Function]}
                  onResponderRelease={[Function]}
                  onResponderTerminate={[Function]}
                  onResponderTerminationRequest={[Function]}
                  onStartShouldSetResponder={[Function]}
                  style={
                    Object {
                      "alignItems": "center",
                      "backgroundColor": "#8A1538",
                      "borderWidth": 0,
                      "height": 38,
                      "justifyContent": "center",
                      "left": 0,
                      "opacity": 1,
                      "position": "absolute",
                      "width": 36,
                      "zIndex": -1,
                    }
                  }
                >
                  <Text
                    allowFontScaling={false}
                    selectable={false}
                    style={
                      Array [
                        Object {
                          "color": undefined,
                          "fontSize": 15.2,
                        },
                        Array [
                          Object {
                            "backgroundColor": "rgba(0,0,0,0)",
                            "fontWeight": "900",
                          },
                          Object {
                            "color": "white",
                          },
                          Object {},
                          Object {},
                        ],
                        Object {
                          "fontFamily": "ionicons",
                          "fontStyle": "normal",
                          "fontWeight": "normal",
                        },
                        Object {},
                      ]
                    }
                  >
                    
                  </Text>
                </View>
                <View
                  style={
                    Array [
                      Object {
                        "alignSelf": "center",
                        "borderLeftColor": "#d4d4d4",
                        "borderLeftWidth": 1,
                        "borderRightColor": "#d4d4d4",
                        "borderRightWidth": 1,
                      },
                    ]
                  }
                >
                  <TextInput
                    editable={true}
                    keyboardType="numeric"
                    onBlur={[Function]}
                    onChangeText={[Function]}
                    onFocus={[Function]}
                    returnKeyType="done"
                    style={
                      Array [
                        Object {
                          "padding": 0,
                          "textAlign": "center",
                        },
                        Object {
                          "borderLeftColor": "#d4d4d4",
                          "borderLeftWidth": 1,
                          "borderRightColor": "#d4d4d4",
                          "borderRightWidth": 1,
                          "color": "#3F3F3F",
                          "fontSize": 15.2,
                          "height": 40,
                          "width": 48,
                        },
                        Object {},
                      ]
                    }
                    testID="goalsTeam1"
                    underlineColorAndroid="rgba(0,0,0,0)"
                    value="0"
                  />
                </View>
                <View
                  accessible={true}
                  collapsable={false}
                  focusable={true}
                  onClick={[Function]}
                  onResponderGrant={[Function]}
                  onResponderMove={[Function]}
                  onResponderRelease={[Function]}
                  onResponderTerminate={[Function]}
                  onResponderTerminationRequest={[Function]}
                  onStartShouldSetResponder={[Function]}
                  style={
                    Object {
                      "alignItems": "center",
                      "backgroundColor": "#8A1538",
                      "borderWidth": 0,
                      "height": 38,
                      "justifyContent": "center",
                      "opacity": 1,
                      "position": "absolute",
                      "right": 0,
                      "width": 36,
                      "zIndex": -1,
                    }
                  }
                >
                  <Text
                    allowFontScaling={false}
                    selectable={false}
                    style={
                      Array [
                        Object {
                          "color": undefined,
                          "fontSize": 15.2,
                        },
                        Array [
                          Object {
                            "backgroundColor": "rgba(0,0,0,0)",
                            "fontWeight": "900",
                          },
                          Object {
                            "color": "white",
                          },
                          Object {},
                          Object {},
                        ],
                        Object {
                          "fontFamily": "ionicons",
                          "fontStyle": "normal",
                          "fontWeight": "normal",
                        },
                        Object {},
                      ]
                    }
                  >
                    
                  </Text>
                </View>
              </View>
            </View>
            <View>
              <Text
                style={
                  Object {
                    "color": "#3F3F3F",
                    "fontSize": 20,
                  }
                }
              >
                Goals Team 2
              </Text>
              <View
                style={
                  Array [
                    Object {
                      "alignItems": "center",
                      "borderWidth": 1,
                      "flexDirection": "row",
                      "justifyContent": "center",
                    },
                    Object {
                      "borderColor": "#d4d4d4",
                      "height": 40,
                      "width": 120,
                    },
                    Object {},
                    Object {},
                  ]
                }
              >
                <View
                  accessible={true}
                  collapsable={false}
                  focusable={true}
                  onClick={[Function]}
                  onResponderGrant={[Function]}
                  onResponderMove={[Function]}
                  onResponderRelease={[Function]}
                  onResponderTerminate={[Function]}
                  onResponderTerminationRequest={[Function]}
                  onStartShouldSetResponder={[Function]}
                  style={
                    Object {
                      "alignItems": "center",
                      "backgroundColor": "#8A1538",
                      "borderWidth": 0,
                      "height": 38,
                      "justifyContent": "center",
                      "left": 0,
                      "opacity": 1,
                      "position": "absolute",
                      "width": 36,
                      "zIndex": -1,
                    }
                  }
                >
                  <Text
                    allowFontScaling={false}
                    selectable={false}
                    style={
                      Array [
                        Object {
                          "color": undefined,
                          "fontSize": 15.2,
                        },
                        Array [
                          Object {
                            "backgroundColor": "rgba(0,0,0,0)",
                            "fontWeight": "900",
                          },
                          Object {
                            "color": "white",
                          },
                          Object {},
                          Object {},
                        ],
                        Object {
                          "fontFamily": "ionicons",
                          "fontStyle": "normal",
                          "fontWeight": "normal",
                        },
                        Object {},
                      ]
                    }
                  >
                    
                  </Text>
                </View>
                <View
                  style={
                    Array [
                      Object {
                        "alignSelf": "center",
                        "borderLeftColor": "#d4d4d4",
                        "borderLeftWidth": 1,
                        "borderRightColor": "#d4d4d4",
                        "borderRightWidth": 1,
                      },
                    ]
                  }
                >
                  <TextInput
                    editable={true}
                    keyboardType="numeric"
                    onBlur={[Function]}
                    onChangeText={[Function]}
                    onFocus={[Function]}
                    returnKeyType="done"
                    style={
                      Array [
                        Object {
                          "padding": 0,
                          "textAlign": "center",
                        },
                        Object {
                          "borderLeftColor": "#d4d4d4",
                          "borderLeftWidth": 1,
                          "borderRightColor": "#d4d4d4",
                          "borderRightWidth": 1,
                          "color": "#3F3F3F",
                          "fontSize": 15.2,
                          "height": 40,
                          "width": 48,
                        },
                        Object {},
                      ]
                    }
                    testID="goalsTeam2"
                    underlineColorAndroid="rgba(0,0,0,0)"
                    value="0"
                  />
                </View>
                <View
                  accessible={true}
                  collapsable={false}
                  focusable={true}
                  onClick={[Function]}
                  onResponderGrant={[Function]}
                  onResponderMove={[Function]}
                  onResponderRelease={[Function]}
                  onResponderTerminate={[Function]}
                  onResponderTerminationRequest={[Function]}
                  onStartShouldSetResponder={[Function]}
                  style={
                    Object {
                      "alignItems": "center",
                      "backgroundColor": "#8A1538",
                      "borderWidth": 0,
                      "height": 38,
                      "justifyContent": "center",
                      "opacity": 1,
                      "position": "absolute",
                      "right": 0,
                      "width": 36,
                      "zIndex": -1,
                    }
                  }
                >
                  <Text
                    allowFontScaling={false}
                    selectable={false}
                    style={
                      Array [
                        Object {
                          "color": undefined,
                          "fontSize": 15.2,
                        },
                        Array [
                          Object {
                            "backgroundColor": "rgba(0,0,0,0)",
                            "fontWeight": "900",
                          },
                          Object {
                            "color": "white",
                          },
                          Object {},
                          Object {},
                        ],
                        Object {
                          "fontFamily": "ionicons",
                          "fontStyle": "normal",
                          "fontWeight": "normal",
                        },
                        Object {},
                      ]
                    }
                  >
                    
                  </Text>
                </View>
              </View>
            </View>
          </View>
          <View
            style={
              Object {
                "alignItems": "center",
                "display": "flex",
              }
            }
          >
            <View
              style={
                Object {
                  "alignItems": "center",
                  "display": "flex",
                  "marginBottom": 5,
                }
              }
            >
              <Text
                style={
                  Object {
                    "color": "#3F3F3F",
                    "fontSize": 20,
                  }
                }
              >
                Red Cards
              </Text>
              <View
                style={
                  Array [
                    Object {
                      "alignItems": "center",
                      "borderWidth": 1,
                      "flexDirection": "row",
                      "justifyContent": "center",
                    },
                    Object {
                      "borderColor": "#d4d4d4",
                      "height": 40,
                      "width": 120,
                    },
                    Object {},
                    Object {},
                  ]
                }
              >
                <View
                  accessible={true}
                  collapsable={false}
                  focusable={true}
                  onClick={[Function]}
                  onResponderGrant={[Function]}
                  onResponderMove={[Function]}
                  onResponderRelease={[Function]}
                  onResponderTerminate={[Function]}
                  onResponderTerminationRequest={[Function]}
                  onStartShouldSetResponder={[Function]}
                  style={
                    Object {
                      "alignItems": "center",
                      "backgroundColor": "#8A1538",
                      "borderWidth": 0,
                      "height": 38,
                      "justifyContent": "center",
                      "left": 0,
                      "opacity": 1,
                      "position": "absolute",
                      "width": 36,
                      "zIndex": -1,
                    }
                  }
                >
                  <Text
                    allowFontScaling={false}
                    selectable={false}
                    style={
                      Array [
                        Object {
                          "color": undefined,
                          "fontSize": 15.2,
                        },
                        Array [
                          Object {
                            "backgroundColor": "rgba(0,0,0,0)",
                            "fontWeight": "900",
                          },
                          Object {
                            "color": "white",
                          },
                          Object {},
                          Object {},
                        ],
                        Object {
                          "fontFamily": "ionicons",
                          "fontStyle": "normal",
                          "fontWeight": "normal",
                        },
                        Object {},
                      ]
                    }
                  >
                    
                  </Text>
                </View>
                <View
                  style={
                    Array [
                      Object {
                        "alignSelf": "center",
                        "borderLeftColor": "#d4d4d4",
                        "borderLeftWidth": 1,
                        "borderRightColor": "#d4d4d4",
                        "borderRightWidth": 1,
                      },
                    ]
                  }
                >
                  <TextInput
                    editable={true}
                    keyboardType="numeric"
                    onBlur={[Function]}
                    onChangeText={[Function]}
                    onFocus={[Function]}
                    returnKeyType="done"
                    style={
                      Array [
                        Object {
                          "padding": 0,
                          "textAlign": "center",
                        },
                        Object {
                          "borderLeftColor": "#d4d4d4",
                          "borderLeftWidth": 1,
                          "borderRightColor": "#d4d4d4",
                          "borderRightWidth": 1,
                          "color": "#3F3F3F",
                          "fontSize": 15.2,
                          "height": 40,
                          "width": 48,
                        },
                        Object {},
                      ]
                    }
                    testID="redCards"
                    underlineColorAndroid="rgba(0,0,0,0)"
                    value="0"
                  />
                </View>
                <View
                  accessible={true}
                  collapsable={false}
                  focusable={true}
                  onClick={[Function]}
                  onResponderGrant={[Function]}
                  onResponderMove={[Function]}
                  onResponderRelease={[Function]}
                  onResponderTerminate={[Function]}
                  onResponderTerminationRequest={[Function]}
                  onStartShouldSetResponder={[Function]}
                  style={
                    Object {
                      "alignItems": "center",
                      "backgroundColor": "#8A1538",
                      "borderWidth": 0,
                      "height": 38,
                      "justifyContent": "center",
                      "opacity": 1,
                      "position": "absolute",
                      "right": 0,
                      "width": 36,
                      "zIndex": -1,
                    }
                  }
                >
                  <Text
                    allowFontScaling={false}
                    selectable={false}
                    style={
                      Array [
                        Object {
                          "color": undefined,
                          "fontSize": 15.2,
                        },
                        Array [
                          Object {
                            "backgroundColor": "rgba(0,0,0,0)",
                            "fontWeight": "900",
                          },
                          Object {
                            "color": "white",
                          },
                          Object {},
                          Object {},
                        ],
                        Object {
                          "fontFamily": "ionicons",
                          "fontStyle": "normal",
                          "fontWeight": "normal",
                        },
                        Object {},
                      ]
                    }
                  >
                    
                  </Text>
                </View>
              </View>
            </View>
            <View
              style={
                Object {
                  "alignItems": "center",
                  "display": "flex",
                  "marginBottom": 5,
                }
              }
            >
              <Text
                style={
                  Object {
                    "color": "#3F3F3F",
                    "fontSize": 20,
                  }
                }
              >
                Yellow Cards
              </Text>
              <View
                style={
                  Array [
                    Object {
                      "alignItems": "center",
                      "borderWidth": 1,
                      "flexDirection": "row",
                      "justifyContent": "center",
                    },
                    Object {
                      "borderColor": "#d4d4d4",
                      "height": 40,
                      "width": 120,
                    },
                    Object {},
                    Object {},
                  ]
                }
              >
                <View
                  accessible={true}
                  collapsable={false}
                  focusable={true}
                  onClick={[Function]}
                  onResponderGrant={[Function]}
                  onResponderMove={[Function]}
                  onResponderRelease={[Function]}
                  onResponderTerminate={[Function]}
                  onResponderTerminationRequest={[Function]}
                  onStartShouldSetResponder={[Function]}
                  style={
                    Object {
                      "alignItems": "center",
                      "backgroundColor": "#8A1538",
                      "borderWidth": 0,
                      "height": 38,
                      "justifyContent": "center",
                      "left": 0,
                      "opacity": 1,
                      "position": "absolute",
                      "width": 36,
                      "zIndex": -1,
                    }
                  }
                >
                  <Text
                    allowFontScaling={false}
                    selectable={false}
                    style={
                      Array [
                        Object {
                          "color": undefined,
                          "fontSize": 15.2,
                        },
                        Array [
                          Object {
                            "backgroundColor": "rgba(0,0,0,0)",
                            "fontWeight": "900",
                          },
                          Object {
                            "color": "white",
                          },
                          Object {},
                          Object {},
                        ],
                        Object {
                          "fontFamily": "ionicons",
                          "fontStyle": "normal",
                          "fontWeight": "normal",
                        },
                        Object {},
                      ]
                    }
                  >
                    
                  </Text>
                </View>
                <View
                  style={
                    Array [
                      Object {
                        "alignSelf": "center",
                        "borderLeftColor": "#d4d4d4",
                        "borderLeftWidth": 1,
                        "borderRightColor": "#d4d4d4",
                        "borderRightWidth": 1,
                      },
                    ]
                  }
                >
                  <TextInput
                    editable={true}
                    keyboardType="numeric"
                    onBlur={[Function]}
                    onChangeText={[Function]}
                    onFocus={[Function]}
                    returnKeyType="done"
                    style={
                      Array [
                        Object {
                          "padding": 0,
                          "textAlign": "center",
                        },
                        Object {
                          "borderLeftColor": "#d4d4d4",
                          "borderLeftWidth": 1,
                          "borderRightColor": "#d4d4d4",
                          "borderRightWidth": 1,
                          "color": "#3F3F3F",
                          "fontSize": 15.2,
                          "height": 40,
                          "width": 48,
                        },
                        Object {},
                      ]
                    }
                    testID="yellowCards"
                    underlineColorAndroid="rgba(0,0,0,0)"
                    value="0"
                  />
                </View>
                <View
                  accessible={true}
                  collapsable={false}
                  focusable={true}
                  onClick={[Function]}
                  onResponderGrant={[Function]}
                  onResponderMove={[Function]}
                  onResponderRelease={[Function]}
                  onResponderTerminate={[Function]}
                  onResponderTerminationRequest={[Function]}
                  onStartShouldSetResponder={[Function]}
                  style={
                    Object {
                      "alignItems": "center",
                      "backgroundColor": "#8A1538",
                      "borderWidth": 0,
                      "height": 38,
                      "justifyContent": "center",
                      "opacity": 1,
                      "position": "absolute",
                      "right": 0,
                      "width": 36,
                      "zIndex": -1,
                    }
                  }
                >
                  <Text
                    allowFontScaling={false}
                    selectable={false}
                    style={
                      Array [
                        Object {
                          "color": undefined,
                          "fontSize": 15.2,
                        },
                        Array [
                          Object {
                            "backgroundColor": "rgba(0,0,0,0)",
                            "fontWeight": "900",
                          },
                          Object {
                            "color": "white",
                          },
                          Object {},
                          Object {},
                        ],
                        Object {
                          "fontFamily": "ionicons",
                          "fontStyle": "normal",
                          "fontWeight": "normal",
                        },
                        Object {},
                      ]
                    }
                  >
                    
                  </Text>
                </View>
              </View>
            </View>
            <View
              style={
                Object {
                  "alignItems": "center",
                  "display": "flex",
                  "marginBottom": 5,
                }
              }
            >
              <Text
                style={
                  Object {
                    "color": "#3F3F3F",
                    "fontSize": 20,
                  }
                }
              >
                Penalties
              </Text>
              <View
                style={
                  Array [
                    Object {
                      "alignItems": "center",
                      "borderWidth": 1,
                      "flexDirection": "row",
                      "justifyContent": "center",
                    },
                    Object {
                      "borderColor": "#d4d4d4",
                      "height": 40,
                      "width": 120,
                    },
                    Object {},
                    Object {},
                  ]
                }
              >
                <View
                  accessible={true}
                  collapsable={false}
                  focusable={true}
                  onClick={[Function]}
                  onResponderGrant={[Function]}
                  onResponderMove={[Function]}
                  onResponderRelease={[Function]}
                  onResponderTerminate={[Function]}
                  onResponderTerminationRequest={[Function]}
                  onStartShouldSetResponder={[Function]}
                  style={
                    Object {
                      "alignItems": "center",
                      "backgroundColor": "#8A1538",
                      "borderWidth": 0,
                      "height": 38,
                      "justifyContent": "center",
                      "left": 0,
                      "opacity": 1,
                      "position": "absolute",
                      "width": 36,
                      "zIndex": -1,
                    }
                  }
                >
                  <Text
                    allowFontScaling={false}
                    selectable={false}
                    style={
                      Array [
                        Object {
                          "color": undefined,
                          "fontSize": 15.2,
                        },
                        Array [
                          Object {
                            "backgroundColor": "rgba(0,0,0,0)",
                            "fontWeight": "900",
                          },
                          Object {
                            "color": "white",
                          },
                          Object {},
                          Object {},
                        ],
                        Object {
                          "fontFamily": "ionicons",
                          "fontStyle": "normal",
                          "fontWeight": "normal",
                        },
                        Object {},
                      ]
                    }
                  >
                    
                  </Text>
                </View>
                <View
                  style={
                    Array [
                      Object {
                        "alignSelf": "center",
                        "borderLeftColor": "#d4d4d4",
                        "borderLeftWidth": 1,
                        "borderRightColor": "#d4d4d4",
                        "borderRightWidth": 1,
                      },
                    ]
                  }
                >
                  <TextInput
                    editable={true}
                    keyboardType="numeric"
                    onBlur={[Function]}
                    onChangeText={[Function]}
                    onFocus={[Function]}
                    returnKeyType="done"
                    style={
                      Array [
                        Object {
                          "padding": 0,
                          "textAlign": "center",
                        },
                        Object {
                          "borderLeftColor": "#d4d4d4",
                          "borderLeftWidth": 1,
                          "borderRightColor": "#d4d4d4",
                          "borderRightWidth": 1,
                          "color": "#3F3F3F",
                          "fontSize": 15.2,
                          "height": 40,
                          "width": 48,
                        },
                        Object {},
                      ]
                    }
                    testID="penalties"
                    underlineColorAndroid="rgba(0,0,0,0)"
                    value="0"
                  />
                </View>
                <View
                  accessible={true}
                  collapsable={false}
                  focusable={true}
                  onClick={[Function]}
                  onResponderGrant={[Function]}
                  onResponderMove={[Function]}
                  onResponderRelease={[Function]}
                  onResponderTerminate={[Function]}
                  onResponderTerminationRequest={[Function]}
                  onStartShouldSetResponder={[Function]}
                  style={
                    Object {
                      "alignItems": "center",
                      "backgroundColor": "#8A1538",
                      "borderWidth": 0,
                      "height": 38,
                      "justifyContent": "center",
                      "opacity": 1,
                      "position": "absolute",
                      "right": 0,
                      "width": 36,
                      "zIndex": -1,
                    }
                  }
                >
                  <Text
                    allowFontScaling={false}
                    selectable={false}
                    style={
                      Array [
                        Object {
                          "color": undefined,
                          "fontSize": 15.2,
                        },
                        Array [
                          Object {
                            "backgroundColor": "rgba(0,0,0,0)",
                            "fontWeight": "900",
                          },
                          Object {
                            "color": "white",
                          },
                          Object {},
                          Object {},
                        ],
                        Object {
                          "fontFamily": "ionicons",
                          "fontStyle": "normal",
                          "fontWeight": "normal",
                        },
                        Object {},
                      ]
                    }
                  >
                    
                  </Text>
                </View>
              </View>
            </View>
          </View>
        </View>
        <View
          style={
            Object {
              "alignItems": "center",
              "display": "flex",
            }
          }
        >
          <Text>
            Upload a picture of your winner team!
          </Text>
          <View
            accessible={true}
            collapsable={false}
            focusable={true}
            onClick={[Function]}
            onResponderGrant={[Function]}
            onResponderMove={[Function]}
            onResponderRelease={[Function]}
            onResponderTerminate={[Function]}
            onResponderTerminationRequest={[Function]}
            onStartShouldSetResponder={[Function]}
            style={
              Object {
                "opacity": 1,
              }
            }
            testID="image-picker"
          >
            <RNSVGSvgView
              align="xMidYMid"
              bbHeight="40"
              bbWidth="40"
              focusable={false}
              height={40}
              meetOrSlice={0}
              minX={0}
              minY={0}
              style={
                Array [
                  Object {
                    "backgroundColor": "transparent",
                    "borderWidth": 0,
                  },
                  Object {},
                  Object {
                    "flex": 0,
                    "height": 40,
                    "width": 40,
                  },
                ]
              }
              vbHeight={512}
              vbWidth={512}
              width={40}
            >
              <RNSVGGroup>
                <RNSVGPath
                  d="M149.1 64.8L138.7 96H64C28.7 96 0 124.7 0 160V416c0 35.3 28.7 64 64 64H448c35.3 0 64-28.7 64-64V160c0-35.3-28.7-64-64-64H373.3L362.9 64.8C356.4 45.2 338.1 32 317.4 32H194.6c-20.7 0-39 13.2-45.5 32.8zM256 384c-53 0-96-43-96-96s43-96 96-96s96 43 96 96s-43 96-96 96z"
                  fill={
                    Object {
                      "payload": 4278190080,
                      "type": 0,
                    }
                  }
                  propList={
                    Array [
                      "fill",
                    ]
                  }
                />
              </RNSVGGroup>
            </RNSVGSvgView>
          </View>
          <View
            accessible={true}
            collapsable={false}
            focusable={true}
            onClick={[Function]}
            onResponderGrant={[Function]}
            onResponderMove={[Function]}
            onResponderRelease={[Function]}
            onResponderTerminate={[Function]}
            onResponderTerminationRequest={[Function]}
            onStartShouldSetResponder={[Function]}
            style={
              Object {
                "alignItems": "center",
                "backgroundColor": "#3F3F3F",
                "borderRadius": 20,
                "color": "#fff",
                "height": 57,
                "justifyContent": "center",
                "marginBottom": 10,
                "marginTop": 5,
                "marginVertical": 25,
                "opacity": 0.8,
                "padding": 6,
                "width": 200,
                "zIndex": 1,
              }
            }
            testID="submitButton"
          >
            <Text
              style={
                Object {
                  "color": "#fff",
                  "fontSize": 20,
                }
              }
            >
              Create prediction
            </Text>
          </View>
        </View>
      </View>
    </RCTSafeAreaView>
  </View>
</RCTScrollView>
`;
